  runs/po_y45_s11.txt depth 45 prof [45, 45, 43, 39, 45, 42, 43, 44, 39]
  runs/po_y45_s2.txt depth 45 prof [40, 43, 44, 43, 43, 44, 44, 45, 38]
  runs/po_y45a_s17.txt depth 45 prof [45, 43, 44, 38, 39, 43, 44, 43, 44]
  runs/po_y45b_s17.txt depth 45 prof [45, 43, 44, 38, 39, 43, 44, 43, 44]
  runs/po_y45c_s3.txt depth 45 prof [43, 43, 43, 44, 43, 41, 38, 45, 41]
bound 116  po_y45c_s3.txt  rdy [38, 41, 43, 45, 35, 43, 44, 44]  vals [108, 114, 114, 112, 97, 115, 114, 116]
  runs/po_y45d_s17.txt depth 45 prof [45, 43, 44, 38, 39, 43, 44, 43, 44]
  runs/po_y46_s10.txt depth 46 prof [46, 45, 45, 38, 40, 44, 45, 44, 38]
bound 117  po_y46_s10.txt  rdy [38, 38, 44, 46, 35, 43, 44, 44]  vals [108, 106, 117, 112, 98, 113, 114, 115]
  runs/po_y46_s11.txt depth 46 prof [45, 45, 38, 45, 46, 38, 45, 45, 44]
  runs/po_y46_s12.txt depth 46 prof [42, 38, 38, 44, 44, 45, 46, 45, 45]
bound 117  po_y46_s12.txt  rdy [38, 38, 44, 46, 35, 43, 44, 44]  vals [108, 106, 117, 112, 98, 113, 114, 115]
  runs/po_y46_s13.txt depth 46 prof [43, 46, 44, 45, 45, 45, 37, 42, 37]
  runs/po_y46_s14.txt depth 46 prof [45, 43, 35, 46, 39, 45, 45, 45, 45]
  runs/po_y46_s15.txt depth 46 prof [43, 45, 45, 44, 45, 38, 46, 44, 38]
  runs/po_y46_s17.txt depth 45 prof [45, 43, 44, 38, 39, 43, 44, 43, 44]
  runs/po_y46_s7.txt depth 46 prof [45, 44, 40, 45, 43, 45, 46, 38, 44]
  runs/po_y46_s8.txt depth 46 prof [37, 44, 45, 45, 40, 45, 35, 44, 46]
  runs/po_y46_s9.txt depth 46 prof [45, 44, 44, 46, 35, 45, 44, 45, 39]
  runs/po_y46a_s10.txt depth 46 prof [46, 45, 45, 38, 40, 44, 45, 44, 38]
bound 117  po_y46a_s10.txt  rdy [38, 38, 44, 46, 35, 43, 44, 44]  vals [108, 106, 117, 112, 98, 113, 114, 115]
  runs/po_y46a_s11.txt depth 46 prof [45, 45, 38, 45, 46, 38, 45, 45, 44]
  runs/po_y46a_s12.txt depth 46 prof [42, 38, 38, 44, 44, 45, 46, 45, 45]
bound 117  po_y46a_s12.txt  rdy [38, 38, 44, 46, 35, 43, 44, 44]  vals [108, 106, 117, 112, 98, 113, 114, 115]
  runs/po_y46a_s13.txt depth 46 prof [43, 46, 44, 45, 45, 45, 37, 42, 37]
  runs/po_y46a_s14.txt depth 46 prof [45, 43, 35, 46, 39, 45, 45, 45, 45]
  runs/po_y46a_s7.txt depth 46 prof [45, 44, 40, 45, 43, 45, 46, 38, 44]
  runs/po_y46a_s8.txt depth 46 prof [37, 44, 45, 45, 40, 45, 35, 44, 46]
  runs/po_y46a_s9.txt depth 46 prof [45, 44, 44, 46, 35, 45, 44, 45, 39]
  runs/po_y46b_s10.txt depth 46 prof [46, 45, 45, 38, 40, 44, 45, 44, 38]
bound 117  po_y46b_s10.txt  rdy [38, 38, 44, 46, 35, 43, 44, 44]  vals [108, 106, 117, 112, 98, 113, 114, 115]
  runs/po_y46b_s11.txt depth 46 prof [45, 45, 38, 45, 46, 38, 45, 45, 44]
  runs/po_y46b_s12.txt depth 46 prof [42, 38, 38, 44, 44, 45, 46, 45, 45]
bound 117  po_y46b_s12.txt  rdy [38, 38, 44, 46, 35, 43, 44, 44]  vals [108, 106, 117, 112, 98, 113, 114, 115]
  runs/po_y46b_s13.txt depth 46 prof [43, 46, 44, 45, 45, 45, 37, 42, 37]
  runs/po_y46b_s14.txt depth 46 prof [45, 43, 35, 46, 39, 45, 45, 45, 45]
  runs/po_y46b_s7.txt depth 46 prof [45, 44, 40, 45, 43, 45, 46, 38, 44]
  runs/po_y46b_s8.txt depth 46 prof [37, 44, 45, 45, 40, 45, 35, 44, 46]
  runs/po_y46b_s9.txt depth 46 prof [45, 44, 44, 46, 35, 45, 44, 45, 39]
  runs/po_y46c_s6.txt depth 46 prof [42, 45, 46, 34, 45, 44, 44, 45, 38]
  runs/po_y46c_s7.txt depth 46 prof [39, 44, 45, 42, 39, 46, 44, 44, 43]
bound 116  po_y46c_s7.txt  rdy [39, 39, 42, 46, 35, 43, 44, 44]  vals [107, 102, 116, 113, 99, 114, 115, 114]
  runs/po_y47_s10.txt depth 46 prof [46, 45, 45, 38, 40, 44, 45, 44, 38]
bound 117  po_y47_s10.txt  rdy [38, 38, 44, 46, 35, 43, 44, 44]  vals [108, 106, 117, 112, 98, 113, 114, 115]
  runs/po_y47_s11.txt depth 46 prof [45, 45, 38, 45, 46, 38, 45, 45, 44]
  runs/po_y47_s12.txt depth 46 prof [42, 38, 38, 44, 44, 45, 46, 45, 45]
bound 117  po_y47_s12.txt  rdy [38, 38, 44, 46, 35, 43, 44, 44]  vals [108, 106, 117, 112, 98, 113, 114, 115]
  runs/po_y47_s7.txt depth 46 prof [45, 44, 40, 45, 43, 45, 46, 38, 44]
  runs/po_y47_s8.txt depth 46 prof [37, 44, 45, 45, 40, 45, 35, 44, 46]
  runs/po_y47_s9.txt depth 46 prof [45, 44, 44, 46, 35, 45, 44, 45, 39]
  runs/po_yC_s2.txt depth 45 prof [40, 43, 44, 43, 43, 44, 44, 45, 38]
  runs/po_yD1_s15.txt depth 45 prof [42, 43, 44, 44, 38, 43, 45, 44, 38]
bound 115  po_yD1_s15.txt  rdy [38, 38, 43, 45, 35, 43, 44, 44]  vals [112, 111, 115, 114, 100, 114, 114, 114]
  runs/po_yD1_s17.txt depth 45 prof [35, 39, 44, 43, 44, 43, 43, 44, 45]
  runs/po_yD1_s3.txt depth 45 prof [43, 44, 43, 44, 43, 40, 38, 45, 44]
  runs/po_yD2_s3.txt depth 45 prof [43, 43, 43, 44, 43, 41, 38, 45, 41]
bound 116  po_yD2_s3.txt  rdy [38, 41, 43, 45, 35, 43, 44, 44]  vals [108, 114, 114, 112, 97, 115, 114, 116]
  runs/po_yD3_s3.txt depth 45 prof [43, 43, 43, 44, 43, 41, 38, 45, 41]
bound 116  po_yD3_s3.txt  rdy [38, 41, 43, 45, 35, 43, 44, 44]  vals [108, 114, 114, 112, 97, 115, 114, 116]
  runs/po_yE_s1.txt depth 46 prof [45, 44, 41, 45, 38, 46, 37, 45, 43]
  runs/po_yE_s2.txt depth 45 prof [40, 43, 44, 43, 43, 44, 44, 45, 38]
  runs/po_yF1_s11.txt depth 46 prof [35, 45, 46, 45, 45, 45, 39, 43, 45]
  runs/po_yF1_s12.txt depth 46 prof [43, 38, 45, 45, 38, 46, 44, 44, 45]
  runs/po_yF1_s15.txt depth 46 prof [45, 45, 46, 38, 42, 45, 41, 44, 38]
  runs/po_yF1_s17.txt depth 46 prof [34, 45, 41, 43, 39, 46, 45, 44, 45]
bound 117  po_yF1_s17.txt  rdy [34, 39, 41, 46, 35, 43, 44, 44]  vals [97, 109, 112, 115, 99, 114, 116, 117]
  runs/po_yF1_s19.txt depth 46 prof [44, 37, 35, 45, 45, 44, 46, 45, 44]
  runs/po_yF1_s21.txt depth 46 prof [45, 38, 44, 38, 46, 45, 45, 38, 43]
  runs/po_yF1_s3.txt depth 45 prof [43, 43, 43, 44, 43, 41, 38, 45, 41]
bound 116  po_yF1_s3.txt  rdy [38, 41, 43, 45, 35, 43, 44, 44]  vals [108, 114, 114, 112, 97, 115, 114, 116]
  runs/po_yF1_s5.txt depth 46 prof [45, 44, 43, 44, 39, 42, 44, 46, 38]
  runs/po_yF1_s6.txt depth 46 prof [39, 34, 45, 45, 45, 42, 45, 45, 46]
  runs/po_yF1_s7.txt depth 46 prof [44, 44, 38, 38, 45, 45, 45, 46, 44]
  runs/po_yF1_s8.txt depth 46 prof [37, 45, 44, 45, 44, 46, 35, 45, 44]
