  runs/po_xE4_s2.txt depth 44 prof [35, 44, 41, 41, 41, 44, 43, 44, 43]
  runs/po_y46_s8.txt depth 46 prof [37, 44, 45, 45, 40, 45, 35, 44, 46]
W [15, 9, 13, 17, 0, 6, 8, 1] rdy [35, 37, 40, 46, 35, 43, 43, 44] unl [35, 37, 40, 46, 35, 43, 43, 44]
  W=6000 mu=0.02 s=1 rc=2
  W=6000 mu=0.02 s=2 rc=2
  W=6000 mu=0.02 s=3 rc=2
  W=6000 mu=0.02 s=4 rc=2
  W=6000 mu=0.02 s=5 rc=2
  W=6000 mu=0.02 s=6 rc=2
  W=6000 mu=0.05 s=1 rc=2
  W=6000 mu=0.05 s=2 rc=2
  W=6000 mu=0.05 s=3 rc=2
  W=6000 mu=0.05 s=4 rc=2
  W=6000 mu=0.05 s=5 rc=2
  W=6000 mu=0.05 s=6 rc=2
  W=16000 mu=0.02 s=1 rc=2
  W=16000 mu=0.02 s=2 rc=2
  W=16000 mu=0.02 s=3 rc=2
  W=16000 mu=0.02 s=4 rc=2
  W=16000 mu=0.02 s=5 rc=2
  W=16000 mu=0.02 s=6 rc=2
  W=16000 mu=0.05 s=1 rc=2
  W=16000 mu=0.05 s=2 rc=2
  W=16000 mu=0.05 s=3 rc=2
  W=16000 mu=0.05 s=4 rc=2
  W=16000 mu=0.05 s=5 rc=2
  W=16000 mu=0.05 s=6 rc=2
  W=40000 mu=0.02 s=1 rc=2
  W=40000 mu=0.02 s=2 rc=2
  W=40000 mu=0.02 s=3 rc=2
  W=40000 mu=0.02 s=4 rc=2
  W=40000 mu=0.02 s=5 rc=2
  W=40000 mu=0.02 s=6 rc=2
  W=40000 mu=0.05 s=1 rc=2
  W=40000 mu=0.05 s=2 rc=2
  W=40000 mu=0.05 s=3 rc=2
  W=40000 mu=0.05 s=4 rc=2
  W=40000 mu=0.05 s=5 rc=2
  W=40000 mu=0.05 s=6 rc=2
INFEASIBLE at T = 117
EXIT=0
