  runs/po_y45a_s17.txt depth 45 prof [45, 43, 44, 38, 39, 43, 44, 43, 44]
W [12, 13, 14, 9, 1, 0, 2, 3] rdy [38, 39, 43, 45, 35, 43, 44, 44]
  W=20000 mu=0.02 s=1 rc=2
  W=20000 mu=0.02 s=2 rc=2
  W=20000 mu=0.02 s=3 rc=2
  W=20000 mu=0.02 s=4 rc=2
  W=20000 mu=0.02 s=5 rc=2
  W=20000 mu=0.02 s=6 rc=2
  W=20000 mu=0.035 s=1 rc=2
  W=20000 mu=0.035 s=2 rc=2
  W=20000 mu=0.035 s=3 rc=2
  W=20000 mu=0.035 s=4 rc=2
  W=20000 mu=0.035 s=5 rc=2
  W=20000 mu=0.035 s=6 rc=2
  W=20000 mu=0.05 s=1 rc=2
  W=20000 mu=0.05 s=2 rc=2
  W=20000 mu=0.05 s=3 rc=2
  W=20000 mu=0.05 s=4 rc=2
  W=20000 mu=0.05 s=5 rc=2
  W=20000 mu=0.05 s=6 rc=2
  W=40000 mu=0.02 s=1 rc=2
  W=40000 mu=0.02 s=2 rc=2
  W=40000 mu=0.02 s=3 rc=2
  W=40000 mu=0.02 s=4 rc=2
  W=40000 mu=0.02 s=5 rc=2
  W=40000 mu=0.02 s=6 rc=2
  W=40000 mu=0.035 s=1 rc=2
  W=40000 mu=0.035 s=2 rc=2
  W=40000 mu=0.035 s=3 rc=2
  W=40000 mu=0.035 s=4 rc=2
  W=40000 mu=0.035 s=5 rc=2
  W=40000 mu=0.035 s=6 rc=2
  W=40000 mu=0.05 s=1 rc=2
  W=40000 mu=0.05 s=2 rc=2
  W=40000 mu=0.05 s=3 rc=2
  W=40000 mu=0.05 s=4 rc=2
  W=40000 mu=0.05 s=5 rc=2
  W=40000 mu=0.05 s=6 rc=2
  W=60000 mu=0.02 s=1 rc=2
  W=60000 mu=0.02 s=2 rc=2
  W=60000 mu=0.02 s=3 rc=2
  W=60000 mu=0.02 s=4 rc=2
  W=60000 mu=0.02 s=5 rc=0
FEASIBLE (117, 584) runs/big_117_60000_0.02_5.txt
EXIT=0
